2026-04-05 05:03:39,280 INFO o.a.j.u.JMeterUtils: Setting Locale to en_EN
2026-04-05 05:03:39,298 INFO o.a.j.JMeter: Loading user properties from: C:\Users\alejo\tools\apache-jmeter-5.6.3\apache-jmeter-5.6.3\bin\user.properties
2026-04-05 05:03:39,298 INFO o.a.j.JMeter: Loading system properties from: C:\Users\alejo\tools\apache-jmeter-5.6.3\apache-jmeter-5.6.3\bin\system.properties
2026-04-05 05:03:39,304 INFO o.a.j.JMeter: Copyright (c) 1998-2024 The Apache Software Foundation
2026-04-05 05:03:39,304 INFO o.a.j.JMeter: Version 5.6.3
2026-04-05 05:03:39,304 INFO o.a.j.JMeter: java.version=21.0.8
2026-04-05 05:03:39,304 INFO o.a.j.JMeter: java.vm.name=Java HotSpot(TM) 64-Bit Server VM
2026-04-05 05:03:39,304 INFO o.a.j.JMeter: os.name=Windows 11
2026-04-05 05:03:39,304 INFO o.a.j.JMeter: os.arch=amd64
2026-04-05 05:03:39,304 INFO o.a.j.JMeter: os.version=10.0
2026-04-05 05:03:39,304 INFO o.a.j.JMeter: file.encoding=UTF-8
2026-04-05 05:03:39,304 INFO o.a.j.JMeter: java.awt.headless=null
2026-04-05 05:03:39,305 INFO o.a.j.JMeter: Max memory     =1073741824
2026-04-05 05:03:39,305 INFO o.a.j.JMeter: Available Processors =16
2026-04-05 05:03:39,310 INFO o.a.j.JMeter: Default Locale=English (EN)
2026-04-05 05:03:39,310 INFO o.a.j.JMeter: JMeter  Locale=English (EN)
2026-04-05 05:03:39,310 INFO o.a.j.JMeter: JMeterHome=C:\Users\alejo\tools\apache-jmeter-5.6.3\apache-jmeter-5.6.3
2026-04-05 05:03:39,310 INFO o.a.j.JMeter: user.dir  =C:\Users\alejo\OneDrive - Universidad de los Andes\Escritorio\Universidad\2026-1\Arquitectura y Diseño de Software\Sprint 2\experimentos\bite-latency-experiment
2026-04-05 05:03:39,311 INFO o.a.j.JMeter: PWD       =C:\Users\alejo\OneDrive - Universidad de los Andes\Escritorio\Universidad\2026-1\Arquitectura y Diseño de Software\Sprint 2\experimentos\bite-latency-experiment
2026-04-05 05:03:39,316 INFO o.a.j.JMeter: IP: 192.168.40.99 Name: Alejo-Zenbook FullName: Alejo-Zenbook
2026-04-05 05:03:39,323 INFO o.a.j.JMeter: Loaded icon properties from org/apache/jmeter/images/icon.properties
2026-04-05 05:03:39,469 INFO o.a.j.JMeterGuiLauncher: Setting LAF to: com.github.weisj.darklaf.DarkLaf:com.github.weisj.darklaf.theme.DarculaTheme
2026-04-05 05:03:56,823 INFO o.a.j.s.FileServer: Default base='C:\Users\alejo\OneDrive - Universidad de los Andes\Escritorio\Universidad\2026-1\Arquitectura y Diseño de Software\Sprint 2\experimentos\bite-latency-experiment'
2026-04-05 05:03:56,824 INFO o.a.j.g.a.Load: Loading file: C:\Users\alejo\OneDrive - Universidad de los Andes\Escritorio\Universidad\2026-1\Arquitectura y Diseño de Software\Sprint 2\experimentos\bite-latency-experiment\jmeter\latency-test-plan.jmx
2026-04-05 05:03:56,824 INFO o.a.j.s.FileServer: Set new base='C:\Users\alejo\OneDrive - Universidad de los Andes\Escritorio\Universidad\2026-1\Arquitectura y Diseño de Software\Sprint 2\experimentos\bite-latency-experiment\jmeter'
2026-04-05 05:03:57,051 INFO o.a.j.s.SaveService: Testplan (JMX) version: 2.2. Testlog (JTL) version: 2.2
2026-04-05 05:03:57,073 INFO o.a.j.s.SaveService: Using SaveService properties version 5.0
2026-04-05 05:03:57,074 INFO o.a.j.s.SaveService: Using SaveService properties file encoding UTF-8
2026-04-05 05:03:57,075 INFO o.a.j.s.SaveService: Loading file: C:\Users\alejo\OneDrive - Universidad de los Andes\Escritorio\Universidad\2026-1\Arquitectura y Diseño de Software\Sprint 2\experimentos\bite-latency-experiment\jmeter\latency-test-plan.jmx
2026-04-05 05:03:57,100 INFO o.a.j.p.h.s.HTTPSamplerBase: Parser for text/html is org.apache.jmeter.protocol.http.parser.LagartoBasedHtmlParser
2026-04-05 05:03:57,100 INFO o.a.j.p.h.s.HTTPSamplerBase: Parser for application/xhtml+xml is org.apache.jmeter.protocol.http.parser.LagartoBasedHtmlParser
2026-04-05 05:03:57,100 INFO o.a.j.p.h.s.HTTPSamplerBase: Parser for application/xml is org.apache.jmeter.protocol.http.parser.LagartoBasedHtmlParser
2026-04-05 05:03:57,100 INFO o.a.j.p.h.s.HTTPSamplerBase: Parser for text/xml is org.apache.jmeter.protocol.http.parser.LagartoBasedHtmlParser
2026-04-05 05:03:57,100 INFO o.a.j.p.h.s.HTTPSamplerBase: Parser for text/vnd.wap.wml is org.apache.jmeter.protocol.http.parser.RegexpHTMLParser
2026-04-05 05:03:57,100 INFO o.a.j.p.h.s.HTTPSamplerBase: Parser for text/css is org.apache.jmeter.protocol.http.parser.CssParser
2026-04-05 05:03:57,473 INFO o.a.j.s.SampleResult: Note: Sample TimeStamps are START times
2026-04-05 05:03:57,473 INFO o.a.j.s.SampleResult: sampleresult.default.encoding is set to UTF-8
2026-04-05 05:03:57,473 INFO o.a.j.s.SampleResult: sampleresult.useNanoTime=true
2026-04-05 05:03:57,473 INFO o.a.j.s.SampleResult: sampleresult.nanoThreadSleep=5000
2026-04-05 05:03:57,578 INFO o.a.j.s.FileServer: Set new base='C:\Users\alejo\OneDrive - Universidad de los Andes\Escritorio\Universidad\2026-1\Arquitectura y Diseño de Software\Sprint 2\experimentos\bite-latency-experiment\jmeter'
2026-04-05 05:04:07,571 INFO o.a.j.e.StandardJMeterEngine: Running the test!
2026-04-05 05:04:07,572 INFO o.a.j.s.SampleEvent: List of sample_variables: []
2026-04-05 05:04:07,572 INFO o.a.j.s.SampleEvent: List of sample_variables: []
2026-04-05 05:04:07,572 INFO o.a.j.e.u.CompoundVariable: Note: Function class names must contain the string: '.functions.'
2026-04-05 05:04:07,573 INFO o.a.j.e.u.CompoundVariable: Note: Function class names must not contain the string: '.gui.'
2026-04-05 05:04:07,593 INFO o.a.j.g.u.JMeterMenuBar: setRunning(true, *local*)
2026-04-05 05:04:07,614 INFO o.a.j.e.StandardJMeterEngine: Starting ThreadGroup: 1 : Latency Experiment
2026-04-05 05:04:07,614 INFO o.a.j.e.StandardJMeterEngine: Starting 20 threads for group Latency Experiment.
2026-04-05 05:04:07,614 INFO o.a.j.e.StandardJMeterEngine: Thread will continue on error
2026-04-05 05:04:07,614 INFO o.a.j.t.ThreadGroup: Starting thread group... number=1 threads=20 ramp-up=10 delayedStart=false
2026-04-05 05:04:07,619 INFO o.a.j.t.JMeterThread: Thread started: Latency Experiment 1-1
2026-04-05 05:04:07,621 INFO o.a.j.s.FileServer: Stored: C:/Users/alejo/OneDrive - Universidad de los Andes/Escritorio/Universidad/2026-1/Arquitectura y Diseño de Software/Sprint 2/experimentos/bite-latency-experiment/jmeter/report_requests_small.csv
2026-04-05 05:04:07,622 INFO o.a.j.t.ThreadGroup: Started thread group number 1
2026-04-05 05:04:07,622 INFO o.a.j.e.StandardJMeterEngine: All thread groups have been started
2026-04-05 05:04:08,117 INFO o.a.j.t.JMeterThread: Thread started: Latency Experiment 1-2
2026-04-05 05:04:08,616 INFO o.a.j.t.JMeterThread: Thread started: Latency Experiment 1-3
2026-04-05 05:04:09,116 INFO o.a.j.t.JMeterThread: Thread started: Latency Experiment 1-4
2026-04-05 05:04:09,617 INFO o.a.j.t.JMeterThread: Thread started: Latency Experiment 1-5
2026-04-05 05:04:09,880 INFO o.a.j.p.h.s.HTTPHCAbstractImpl: Local host = Alejo-Zenbook
2026-04-05 05:04:09,884 INFO o.a.j.p.h.s.HTTPHC4Impl: HTTP request retry count = 0
2026-04-05 05:04:10,115 INFO o.a.j.t.JMeterThread: Thread started: Latency Experiment 1-6
2026-04-05 05:04:10,616 INFO o.a.j.t.JMeterThread: Thread started: Latency Experiment 1-7
2026-04-05 05:04:11,116 INFO o.a.j.t.JMeterThread: Thread started: Latency Experiment 1-8
2026-04-05 05:04:11,616 INFO o.a.j.t.JMeterThread: Thread started: Latency Experiment 1-9
2026-04-05 05:04:12,115 INFO o.a.j.t.JMeterThread: Thread started: Latency Experiment 1-10
2026-04-05 05:04:12,615 INFO o.a.j.t.JMeterThread: Thread started: Latency Experiment 1-11
2026-04-05 05:04:13,114 INFO o.a.j.t.JMeterThread: Thread started: Latency Experiment 1-12
2026-04-05 05:04:13,615 INFO o.a.j.t.JMeterThread: Thread started: Latency Experiment 1-13
2026-04-05 05:04:14,116 INFO o.a.j.t.JMeterThread: Thread started: Latency Experiment 1-14
2026-04-05 05:04:14,615 INFO o.a.j.t.JMeterThread: Thread started: Latency Experiment 1-15
2026-04-05 05:04:15,115 INFO o.a.j.t.JMeterThread: Thread started: Latency Experiment 1-16
2026-04-05 05:04:15,615 INFO o.a.j.t.JMeterThread: Thread started: Latency Experiment 1-17
2026-04-05 05:04:16,115 INFO o.a.j.t.JMeterThread: Thread started: Latency Experiment 1-18
2026-04-05 05:04:16,615 INFO o.a.j.t.JMeterThread: Thread started: Latency Experiment 1-19
2026-04-05 05:04:17,114 INFO o.a.j.t.JMeterThread: Thread started: Latency Experiment 1-20
2026-04-05 05:04:24,361 INFO o.a.j.t.JMeterThread: Thread is done: Latency Experiment 1-1
2026-04-05 05:04:24,361 INFO o.a.j.t.JMeterThread: Thread finished: Latency Experiment 1-1
2026-04-05 05:04:25,693 INFO o.a.j.t.JMeterThread: Thread is done: Latency Experiment 1-7
2026-04-05 05:04:25,693 INFO o.a.j.t.JMeterThread: Thread finished: Latency Experiment 1-7
2026-04-05 05:04:25,713 INFO o.a.j.t.JMeterThread: Thread is done: Latency Experiment 1-10
2026-04-05 05:04:25,714 INFO o.a.j.t.JMeterThread: Thread finished: Latency Experiment 1-10
2026-04-05 05:04:27,777 INFO o.a.j.t.JMeterThread: Thread is done: Latency Experiment 1-13
2026-04-05 05:04:27,777 INFO o.a.j.t.JMeterThread: Thread finished: Latency Experiment 1-13
2026-04-05 05:04:28,407 INFO o.a.j.t.JMeterThread: Thread is done: Latency Experiment 1-11
2026-04-05 05:04:28,407 INFO o.a.j.t.JMeterThread: Thread finished: Latency Experiment 1-11
2026-04-05 05:04:29,085 INFO o.a.j.t.JMeterThread: Thread is done: Latency Experiment 1-9
2026-04-05 05:04:29,085 INFO o.a.j.t.JMeterThread: Thread finished: Latency Experiment 1-9
2026-04-05 05:04:29,496 INFO o.a.j.t.JMeterThread: Thread is done: Latency Experiment 1-5
2026-04-05 05:04:29,496 INFO o.a.j.t.JMeterThread: Thread finished: Latency Experiment 1-5
2026-04-05 05:04:30,239 INFO o.a.j.t.JMeterThread: Thread is done: Latency Experiment 1-6
2026-04-05 05:04:30,240 INFO o.a.j.t.JMeterThread: Thread finished: Latency Experiment 1-6
2026-04-05 05:04:31,397 INFO o.a.j.t.JMeterThread: Thread is done: Latency Experiment 1-2
2026-04-05 05:04:31,397 INFO o.a.j.t.JMeterThread: Thread finished: Latency Experiment 1-2
2026-04-05 05:04:31,750 INFO o.a.j.t.JMeterThread: Thread is done: Latency Experiment 1-4
2026-04-05 05:04:31,750 INFO o.a.j.t.JMeterThread: Thread finished: Latency Experiment 1-4
2026-04-05 05:04:32,216 INFO o.a.j.t.JMeterThread: Thread is done: Latency Experiment 1-3
2026-04-05 05:04:32,216 INFO o.a.j.t.JMeterThread: Thread finished: Latency Experiment 1-3
2026-04-05 05:04:32,775 INFO o.a.j.t.JMeterThread: Thread is done: Latency Experiment 1-8
2026-04-05 05:04:32,776 INFO o.a.j.t.JMeterThread: Thread finished: Latency Experiment 1-8
2026-04-05 05:04:32,924 INFO o.a.j.t.JMeterThread: Thread is done: Latency Experiment 1-19
2026-04-05 05:04:32,924 INFO o.a.j.t.JMeterThread: Thread finished: Latency Experiment 1-19
2026-04-05 05:04:36,192 INFO o.a.j.t.JMeterThread: Thread is done: Latency Experiment 1-16
2026-04-05 05:04:36,192 INFO o.a.j.t.JMeterThread: Thread finished: Latency Experiment 1-16
2026-04-05 05:04:36,712 INFO o.a.j.t.JMeterThread: Thread is done: Latency Experiment 1-17
2026-04-05 05:04:36,712 INFO o.a.j.t.JMeterThread: Thread finished: Latency Experiment 1-17
2026-04-05 05:04:37,475 INFO o.a.j.t.JMeterThread: Thread is done: Latency Experiment 1-14
2026-04-05 05:04:37,475 INFO o.a.j.t.JMeterThread: Thread finished: Latency Experiment 1-14
2026-04-05 05:04:37,574 INFO o.a.j.t.JMeterThread: Thread is done: Latency Experiment 1-15
2026-04-05 05:04:37,575 INFO o.a.j.t.JMeterThread: Thread finished: Latency Experiment 1-15
2026-04-05 05:04:38,983 INFO o.a.j.t.JMeterThread: Thread is done: Latency Experiment 1-18
2026-04-05 05:04:38,984 INFO o.a.j.t.JMeterThread: Thread finished: Latency Experiment 1-18
2026-04-05 05:04:41,266 INFO o.a.j.t.JMeterThread: Thread is done: Latency Experiment 1-12
2026-04-05 05:04:41,266 INFO o.a.j.t.JMeterThread: Thread finished: Latency Experiment 1-12
2026-04-05 05:04:43,062 INFO o.a.j.t.JMeterThread: Thread is done: Latency Experiment 1-20
2026-04-05 05:04:43,062 INFO o.a.j.t.JMeterThread: Thread finished: Latency Experiment 1-20
2026-04-05 05:04:43,062 INFO o.a.j.e.StandardJMeterEngine: Notifying test listeners of end of test
2026-04-05 05:04:43,062 INFO o.a.j.s.FileServer: Close: C:/Users/alejo/OneDrive - Universidad de los Andes/Escritorio/Universidad/2026-1/Arquitectura y Diseño de Software/Sprint 2/experimentos/bite-latency-experiment/jmeter/report_requests_small.csv
2026-04-05 05:04:43,063 INFO o.a.j.g.u.JMeterMenuBar: setRunning(false, *local*)
2026-04-05 05:05:39,347 INFO o.a.j.e.StandardJMeterEngine: Running the test!
2026-04-05 05:05:39,347 INFO o.a.j.s.SampleEvent: List of sample_variables: []
2026-04-05 05:05:39,348 INFO o.a.j.g.u.JMeterMenuBar: setRunning(true, *local*)
2026-04-05 05:05:39,373 INFO o.a.j.e.StandardJMeterEngine: Starting ThreadGroup: 1 : Latency Experiment
2026-04-05 05:05:39,373 INFO o.a.j.e.StandardJMeterEngine: Starting 20 threads for group Latency Experiment.
2026-04-05 05:05:39,373 INFO o.a.j.e.StandardJMeterEngine: Thread will continue on error
2026-04-05 05:05:39,373 INFO o.a.j.t.ThreadGroup: Starting thread group... number=1 threads=20 ramp-up=10 delayedStart=false
2026-04-05 05:05:39,375 INFO o.a.j.t.JMeterThread: Thread started: Latency Experiment 1-1
2026-04-05 05:05:39,376 INFO o.a.j.s.FileServer: Stored: C:/Users/alejo/OneDrive - Universidad de los Andes/Escritorio/Universidad/2026-1/Arquitectura y Diseño de Software/Sprint 2/experimentos/bite-latency-experiment/jmeter/report_requests_small.csv
2026-04-05 05:05:39,378 INFO o.a.j.t.ThreadGroup: Started thread group number 1
2026-04-05 05:05:39,378 INFO o.a.j.e.StandardJMeterEngine: All thread groups have been started
2026-04-05 05:05:39,874 INFO o.a.j.t.JMeterThread: Thread started: Latency Experiment 1-2
2026-04-05 05:05:40,374 INFO o.a.j.t.JMeterThread: Thread started: Latency Experiment 1-3
2026-04-05 05:05:40,873 INFO o.a.j.t.JMeterThread: Thread started: Latency Experiment 1-4
2026-04-05 05:05:41,374 INFO o.a.j.t.JMeterThread: Thread started: Latency Experiment 1-5
2026-04-05 05:05:41,875 INFO o.a.j.t.JMeterThread: Thread started: Latency Experiment 1-6
2026-04-05 05:05:42,375 INFO o.a.j.t.JMeterThread: Thread started: Latency Experiment 1-7
2026-04-05 05:05:42,874 INFO o.a.j.t.JMeterThread: Thread started: Latency Experiment 1-8
2026-04-05 05:05:43,373 INFO o.a.j.t.JMeterThread: Thread started: Latency Experiment 1-9
2026-04-05 05:05:43,873 INFO o.a.j.t.JMeterThread: Thread started: Latency Experiment 1-10
2026-04-05 05:05:44,374 INFO o.a.j.t.JMeterThread: Thread started: Latency Experiment 1-11
2026-04-05 05:05:44,874 INFO o.a.j.t.JMeterThread: Thread started: Latency Experiment 1-12
2026-04-05 05:05:45,373 INFO o.a.j.t.JMeterThread: Thread started: Latency Experiment 1-13
2026-04-05 05:05:45,873 INFO o.a.j.t.JMeterThread: Thread started: Latency Experiment 1-14
2026-04-05 05:05:46,373 INFO o.a.j.t.JMeterThread: Thread started: Latency Experiment 1-15
2026-04-05 05:05:46,875 INFO o.a.j.t.JMeterThread: Thread started: Latency Experiment 1-16
2026-04-05 05:05:47,375 INFO o.a.j.t.JMeterThread: Thread started: Latency Experiment 1-17
2026-04-05 05:05:47,873 INFO o.a.j.t.JMeterThread: Thread started: Latency Experiment 1-18
2026-04-05 05:05:48,374 INFO o.a.j.t.JMeterThread: Thread started: Latency Experiment 1-19
2026-04-05 05:05:48,875 INFO o.a.j.t.JMeterThread: Thread started: Latency Experiment 1-20
2026-04-05 05:05:54,651 INFO o.a.j.t.JMeterThread: Thread is done: Latency Experiment 1-5
2026-04-05 05:05:54,651 INFO o.a.j.t.JMeterThread: Thread finished: Latency Experiment 1-5
2026-04-05 05:05:56,844 INFO o.a.j.t.JMeterThread: Thread is done: Latency Experiment 1-6
2026-04-05 05:05:56,845 INFO o.a.j.t.JMeterThread: Thread finished: Latency Experiment 1-6
2026-04-05 05:05:59,423 INFO o.a.j.t.JMeterThread: Thread is done: Latency Experiment 1-4
2026-04-05 05:05:59,423 INFO o.a.j.t.JMeterThread: Thread finished: Latency Experiment 1-4
2026-04-05 05:05:59,796 INFO o.a.j.t.JMeterThread: Thread is done: Latency Experiment 1-9
2026-04-05 05:05:59,796 INFO o.a.j.t.JMeterThread: Thread finished: Latency Experiment 1-9
2026-04-05 05:06:02,600 INFO o.a.j.t.JMeterThread: Thread is done: Latency Experiment 1-10
2026-04-05 05:06:02,600 INFO o.a.j.t.JMeterThread: Thread finished: Latency Experiment 1-10
2026-04-05 05:06:02,876 INFO o.a.j.t.JMeterThread: Thread is done: Latency Experiment 1-1
2026-04-05 05:06:02,876 INFO o.a.j.t.JMeterThread: Thread finished: Latency Experiment 1-1
2026-04-05 05:06:03,241 INFO o.a.j.t.JMeterThread: Thread is done: Latency Experiment 1-7
2026-04-05 05:06:03,241 INFO o.a.j.t.JMeterThread: Thread finished: Latency Experiment 1-7
2026-04-05 05:06:03,998 INFO o.a.j.t.JMeterThread: Thread is done: Latency Experiment 1-12
2026-04-05 05:06:03,999 INFO o.a.j.t.JMeterThread: Thread finished: Latency Experiment 1-12
2026-04-05 05:06:04,376 INFO o.a.j.t.JMeterThread: Thread is done: Latency Experiment 1-19
2026-04-05 05:06:04,376 INFO o.a.j.t.JMeterThread: Thread finished: Latency Experiment 1-19
2026-04-05 05:06:04,893 INFO o.a.j.t.JMeterThread: Thread is done: Latency Experiment 1-2
2026-04-05 05:06:04,893 INFO o.a.j.t.JMeterThread: Thread finished: Latency Experiment 1-2
2026-04-05 05:06:05,362 INFO o.a.j.t.JMeterThread: Thread is done: Latency Experiment 1-20
2026-04-05 05:06:05,363 INFO o.a.j.t.JMeterThread: Thread finished: Latency Experiment 1-20
2026-04-05 05:06:05,478 INFO o.a.j.t.JMeterThread: Thread is done: Latency Experiment 1-11
2026-04-05 05:06:05,478 INFO o.a.j.t.JMeterThread: Thread finished: Latency Experiment 1-11
2026-04-05 05:06:05,591 INFO o.a.j.t.JMeterThread: Thread is done: Latency Experiment 1-14
2026-04-05 05:06:05,591 INFO o.a.j.t.JMeterThread: Thread finished: Latency Experiment 1-14
2026-04-05 05:06:05,674 INFO o.a.j.t.JMeterThread: Thread is done: Latency Experiment 1-16
2026-04-05 05:06:05,675 INFO o.a.j.t.JMeterThread: Thread finished: Latency Experiment 1-16
2026-04-05 05:06:06,222 INFO o.a.j.t.JMeterThread: Thread is done: Latency Experiment 1-18
2026-04-05 05:06:06,222 INFO o.a.j.t.JMeterThread: Thread finished: Latency Experiment 1-18
2026-04-05 05:06:06,830 INFO o.a.j.t.JMeterThread: Thread is done: Latency Experiment 1-3
2026-04-05 05:06:06,830 INFO o.a.j.t.JMeterThread: Thread finished: Latency Experiment 1-3
2026-04-05 05:06:07,349 INFO o.a.j.t.JMeterThread: Thread is done: Latency Experiment 1-15
2026-04-05 05:06:07,349 INFO o.a.j.t.JMeterThread: Thread finished: Latency Experiment 1-15
2026-04-05 05:06:09,453 INFO o.a.j.t.JMeterThread: Thread is done: Latency Experiment 1-13
2026-04-05 05:06:09,453 INFO o.a.j.t.JMeterThread: Thread finished: Latency Experiment 1-13
2026-04-05 05:06:15,385 INFO o.a.j.t.JMeterThread: Thread is done: Latency Experiment 1-17
2026-04-05 05:06:15,385 INFO o.a.j.t.JMeterThread: Thread finished: Latency Experiment 1-17
2026-04-05 05:06:15,791 INFO o.a.j.t.JMeterThread: Thread is done: Latency Experiment 1-8
2026-04-05 05:06:15,791 INFO o.a.j.t.JMeterThread: Thread finished: Latency Experiment 1-8
2026-04-05 05:06:15,791 INFO o.a.j.e.StandardJMeterEngine: Notifying test listeners of end of test
2026-04-05 05:06:15,791 INFO o.a.j.s.FileServer: Close: C:/Users/alejo/OneDrive - Universidad de los Andes/Escritorio/Universidad/2026-1/Arquitectura y Diseño de Software/Sprint 2/experimentos/bite-latency-experiment/jmeter/report_requests_small.csv
2026-04-05 05:06:15,792 INFO o.a.j.g.u.JMeterMenuBar: setRunning(false, *local*)
2026-04-05 05:12:34,474 INFO o.a.j.e.StandardJMeterEngine: Running the test!
2026-04-05 05:12:34,475 INFO o.a.j.s.SampleEvent: List of sample_variables: []
2026-04-05 05:12:34,475 INFO o.a.j.g.u.JMeterMenuBar: setRunning(true, *local*)
2026-04-05 05:12:34,503 INFO o.a.j.e.StandardJMeterEngine: Starting ThreadGroup: 1 : Latency Experiment
2026-04-05 05:12:34,504 INFO o.a.j.e.StandardJMeterEngine: Starting 20 threads for group Latency Experiment.
2026-04-05 05:12:34,504 INFO o.a.j.e.StandardJMeterEngine: Thread will continue on error
2026-04-05 05:12:34,504 INFO o.a.j.t.ThreadGroup: Starting thread group... number=1 threads=20 ramp-up=10 delayedStart=false
2026-04-05 05:12:34,505 INFO o.a.j.t.JMeterThread: Thread started: Latency Experiment 1-1
2026-04-05 05:12:34,505 INFO o.a.j.s.FileServer: Stored: C:/Users/alejo/OneDrive - Universidad de los Andes/Escritorio/Universidad/2026-1/Arquitectura y Diseño de Software/Sprint 2/experimentos/bite-latency-experiment/jmeter/report_requests_small.csv
2026-04-05 05:12:34,508 INFO o.a.j.t.ThreadGroup: Started thread group number 1
2026-04-05 05:12:34,508 INFO o.a.j.e.StandardJMeterEngine: All thread groups have been started
2026-04-05 05:12:35,006 INFO o.a.j.t.JMeterThread: Thread started: Latency Experiment 1-2
2026-04-05 05:12:35,505 INFO o.a.j.t.JMeterThread: Thread started: Latency Experiment 1-3
2026-04-05 05:12:36,005 INFO o.a.j.t.JMeterThread: Thread started: Latency Experiment 1-4
2026-04-05 05:12:36,506 INFO o.a.j.t.JMeterThread: Thread started: Latency Experiment 1-5
2026-04-05 05:12:37,005 INFO o.a.j.t.JMeterThread: Thread started: Latency Experiment 1-6
2026-04-05 05:12:37,504 INFO o.a.j.t.JMeterThread: Thread started: Latency Experiment 1-7
2026-04-05 05:12:38,004 INFO o.a.j.t.JMeterThread: Thread started: Latency Experiment 1-8
2026-04-05 05:12:38,505 INFO o.a.j.t.JMeterThread: Thread started: Latency Experiment 1-9
2026-04-05 05:12:39,006 INFO o.a.j.t.JMeterThread: Thread started: Latency Experiment 1-10
2026-04-05 05:12:39,506 INFO o.a.j.t.JMeterThread: Thread started: Latency Experiment 1-11
2026-04-05 05:12:40,006 INFO o.a.j.t.JMeterThread: Thread started: Latency Experiment 1-12
2026-04-05 05:12:40,505 INFO o.a.j.t.JMeterThread: Thread started: Latency Experiment 1-13
2026-04-05 05:12:41,005 INFO o.a.j.t.JMeterThread: Thread started: Latency Experiment 1-14
2026-04-05 05:12:41,505 INFO o.a.j.t.JMeterThread: Thread started: Latency Experiment 1-15
2026-04-05 05:12:42,004 INFO o.a.j.t.JMeterThread: Thread started: Latency Experiment 1-16
2026-04-05 05:12:42,504 INFO o.a.j.t.JMeterThread: Thread started: Latency Experiment 1-17
2026-04-05 05:12:43,005 INFO o.a.j.t.JMeterThread: Thread started: Latency Experiment 1-18
2026-04-05 05:12:43,505 INFO o.a.j.t.JMeterThread: Thread started: Latency Experiment 1-19
2026-04-05 05:12:44,005 INFO o.a.j.t.JMeterThread: Thread started: Latency Experiment 1-20
2026-04-05 05:12:49,270 INFO o.a.j.t.JMeterThread: Thread is done: Latency Experiment 1-1
2026-04-05 05:12:49,271 INFO o.a.j.t.JMeterThread: Thread finished: Latency Experiment 1-1
2026-04-05 05:12:52,264 INFO o.a.j.t.JMeterThread: Thread is done: Latency Experiment 1-6
2026-04-05 05:12:52,264 INFO o.a.j.t.JMeterThread: Thread finished: Latency Experiment 1-6
2026-04-05 05:12:52,487 INFO o.a.j.t.JMeterThread: Thread is done: Latency Experiment 1-7
2026-04-05 05:12:52,487 INFO o.a.j.t.JMeterThread: Thread finished: Latency Experiment 1-7
2026-04-05 05:12:53,529 INFO o.a.j.t.JMeterThread: Thread is done: Latency Experiment 1-3
2026-04-05 05:12:53,529 INFO o.a.j.t.JMeterThread: Thread finished: Latency Experiment 1-3
2026-04-05 05:12:56,327 INFO o.a.j.t.JMeterThread: Thread is done: Latency Experiment 1-8
2026-04-05 05:12:56,327 INFO o.a.j.t.JMeterThread: Thread finished: Latency Experiment 1-8
2026-04-05 05:12:58,247 INFO o.a.j.t.JMeterThread: Thread is done: Latency Experiment 1-5
2026-04-05 05:12:58,247 INFO o.a.j.t.JMeterThread: Thread finished: Latency Experiment 1-5
2026-04-05 05:12:58,836 INFO o.a.j.t.JMeterThread: Thread is done: Latency Experiment 1-10
2026-04-05 05:12:58,836 INFO o.a.j.t.JMeterThread: Thread finished: Latency Experiment 1-10
2026-04-05 05:12:58,871 INFO o.a.j.t.JMeterThread: Thread is done: Latency Experiment 1-20
2026-04-05 05:12:58,871 INFO o.a.j.t.JMeterThread: Thread finished: Latency Experiment 1-20
2026-04-05 05:12:59,155 INFO o.a.j.t.JMeterThread: Thread is done: Latency Experiment 1-2
2026-04-05 05:12:59,155 INFO o.a.j.t.JMeterThread: Thread finished: Latency Experiment 1-2
2026-04-05 05:13:01,163 INFO o.a.j.t.JMeterThread: Thread is done: Latency Experiment 1-13
2026-04-05 05:13:01,164 INFO o.a.j.t.JMeterThread: Thread finished: Latency Experiment 1-13
2026-04-05 05:13:01,400 INFO o.a.j.t.JMeterThread: Thread is done: Latency Experiment 1-17
2026-04-05 05:13:01,400 INFO o.a.j.t.JMeterThread: Thread finished: Latency Experiment 1-17
2026-04-05 05:13:01,913 INFO o.a.j.t.JMeterThread: Thread is done: Latency Experiment 1-15
2026-04-05 05:13:01,914 INFO o.a.j.t.JMeterThread: Thread finished: Latency Experiment 1-15
2026-04-05 05:13:02,045 INFO o.a.j.t.JMeterThread: Thread is done: Latency Experiment 1-11
2026-04-05 05:13:02,045 INFO o.a.j.t.JMeterThread: Thread finished: Latency Experiment 1-11
2026-04-05 05:13:02,307 INFO o.a.j.t.JMeterThread: Thread is done: Latency Experiment 1-18
2026-04-05 05:13:02,308 INFO o.a.j.t.JMeterThread: Thread finished: Latency Experiment 1-18
2026-04-05 05:13:02,482 INFO o.a.j.t.JMeterThread: Thread is done: Latency Experiment 1-14
2026-04-05 05:13:02,482 INFO o.a.j.t.JMeterThread: Thread finished: Latency Experiment 1-14
2026-04-05 05:13:02,760 INFO o.a.j.t.JMeterThread: Thread is done: Latency Experiment 1-12
2026-04-05 05:13:02,760 INFO o.a.j.t.JMeterThread: Thread finished: Latency Experiment 1-12
2026-04-05 05:13:04,888 INFO o.a.j.t.JMeterThread: Thread is done: Latency Experiment 1-4
2026-04-05 05:13:04,888 INFO o.a.j.t.JMeterThread: Thread finished: Latency Experiment 1-4
2026-04-05 05:13:06,287 INFO o.a.j.t.JMeterThread: Thread is done: Latency Experiment 1-9
2026-04-05 05:13:06,288 INFO o.a.j.t.JMeterThread: Thread finished: Latency Experiment 1-9
2026-04-05 05:13:06,653 INFO o.a.j.t.JMeterThread: Thread is done: Latency Experiment 1-19
2026-04-05 05:13:06,653 INFO o.a.j.t.JMeterThread: Thread finished: Latency Experiment 1-19
2026-04-05 05:13:14,991 INFO o.a.j.t.JMeterThread: Thread is done: Latency Experiment 1-16
2026-04-05 05:13:14,992 INFO o.a.j.t.JMeterThread: Thread finished: Latency Experiment 1-16
2026-04-05 05:13:14,992 INFO o.a.j.e.StandardJMeterEngine: Notifying test listeners of end of test
2026-04-05 05:13:14,993 INFO o.a.j.s.FileServer: Close: C:/Users/alejo/OneDrive - Universidad de los Andes/Escritorio/Universidad/2026-1/Arquitectura y Diseño de Software/Sprint 2/experimentos/bite-latency-experiment/jmeter/report_requests_small.csv
2026-04-05 05:13:14,993 INFO o.a.j.g.u.JMeterMenuBar: setRunning(false, *local*)
2026-04-05 05:16:19,406 INFO o.a.j.e.StandardJMeterEngine: Running the test!
2026-04-05 05:16:19,406 INFO o.a.j.s.SampleEvent: List of sample_variables: []
2026-04-05 05:16:19,406 INFO o.a.j.g.u.JMeterMenuBar: setRunning(true, *local*)
2026-04-05 05:16:19,430 INFO o.a.j.e.StandardJMeterEngine: Starting ThreadGroup: 1 : Latency Experiment
2026-04-05 05:16:19,430 INFO o.a.j.e.StandardJMeterEngine: Starting 20 threads for group Latency Experiment.
2026-04-05 05:16:19,430 INFO o.a.j.e.StandardJMeterEngine: Thread will continue on error
2026-04-05 05:16:19,430 INFO o.a.j.t.ThreadGroup: Starting thread group... number=1 threads=20 ramp-up=10 delayedStart=false
2026-04-05 05:16:19,431 INFO o.a.j.t.JMeterThread: Thread started: Latency Experiment 1-1
2026-04-05 05:16:19,431 INFO o.a.j.s.FileServer: Stored: C:/Users/alejo/OneDrive - Universidad de los Andes/Escritorio/Universidad/2026-1/Arquitectura y Diseño de Software/Sprint 2/experimentos/bite-latency-experiment/jmeter/report_requests_small.csv
2026-04-05 05:16:19,436 INFO o.a.j.t.ThreadGroup: Started thread group number 1
2026-04-05 05:16:19,436 INFO o.a.j.e.StandardJMeterEngine: All thread groups have been started
2026-04-05 05:16:19,930 INFO o.a.j.t.JMeterThread: Thread started: Latency Experiment 1-2
2026-04-05 05:16:20,431 INFO o.a.j.t.JMeterThread: Thread started: Latency Experiment 1-3
2026-04-05 05:16:20,930 INFO o.a.j.t.JMeterThread: Thread started: Latency Experiment 1-4
2026-04-05 05:16:21,431 INFO o.a.j.t.JMeterThread: Thread started: Latency Experiment 1-5
2026-04-05 05:16:21,931 INFO o.a.j.t.JMeterThread: Thread started: Latency Experiment 1-6
2026-04-05 05:16:22,432 INFO o.a.j.t.JMeterThread: Thread started: Latency Experiment 1-7
2026-04-05 05:16:22,930 INFO o.a.j.t.JMeterThread: Thread started: Latency Experiment 1-8
2026-04-05 05:16:23,432 INFO o.a.j.t.JMeterThread: Thread started: Latency Experiment 1-9
2026-04-05 05:16:23,931 INFO o.a.j.t.JMeterThread: Thread started: Latency Experiment 1-10
2026-04-05 05:16:24,430 INFO o.a.j.t.JMeterThread: Thread started: Latency Experiment 1-11
2026-04-05 05:16:24,931 INFO o.a.j.t.JMeterThread: Thread started: Latency Experiment 1-12
2026-04-05 05:16:25,432 INFO o.a.j.t.JMeterThread: Thread started: Latency Experiment 1-13
2026-04-05 05:16:25,931 INFO o.a.j.t.JMeterThread: Thread started: Latency Experiment 1-14
2026-04-05 05:16:26,431 INFO o.a.j.t.JMeterThread: Thread started: Latency Experiment 1-15
2026-04-05 05:16:26,931 INFO o.a.j.t.JMeterThread: Thread started: Latency Experiment 1-16
2026-04-05 05:16:27,430 INFO o.a.j.t.JMeterThread: Thread started: Latency Experiment 1-17
2026-04-05 05:16:27,930 INFO o.a.j.t.JMeterThread: Thread started: Latency Experiment 1-18
2026-04-05 05:16:28,432 INFO o.a.j.t.JMeterThread: Thread started: Latency Experiment 1-19
2026-04-05 05:16:28,932 INFO o.a.j.t.JMeterThread: Thread started: Latency Experiment 1-20
2026-04-05 05:16:37,573 INFO o.a.j.t.JMeterThread: Thread is done: Latency Experiment 1-4
2026-04-05 05:16:37,573 INFO o.a.j.t.JMeterThread: Thread finished: Latency Experiment 1-4
2026-04-05 05:16:37,633 INFO o.a.j.t.JMeterThread: Thread is done: Latency Experiment 1-19
2026-04-05 05:16:37,633 INFO o.a.j.t.JMeterThread: Thread finished: Latency Experiment 1-19
2026-04-05 05:16:37,717 INFO o.a.j.t.JMeterThread: Thread is done: Latency Experiment 1-7
2026-04-05 05:16:37,717 INFO o.a.j.t.JMeterThread: Thread finished: Latency Experiment 1-7
2026-04-05 05:16:38,958 INFO o.a.j.t.JMeterThread: Thread is done: Latency Experiment 1-8
2026-04-05 05:16:38,958 INFO o.a.j.t.JMeterThread: Thread finished: Latency Experiment 1-8
2026-04-05 05:16:39,878 INFO o.a.j.t.JMeterThread: Thread is done: Latency Experiment 1-3
2026-04-05 05:16:39,878 INFO o.a.j.t.JMeterThread: Thread finished: Latency Experiment 1-3
2026-04-05 05:16:40,178 INFO o.a.j.t.JMeterThread: Thread is done: Latency Experiment 1-2
2026-04-05 05:16:40,178 INFO o.a.j.t.JMeterThread: Thread finished: Latency Experiment 1-2
2026-04-05 05:16:40,724 INFO o.a.j.t.JMeterThread: Thread is done: Latency Experiment 1-5
2026-04-05 05:16:40,724 INFO o.a.j.t.JMeterThread: Thread finished: Latency Experiment 1-5
2026-04-05 05:16:41,404 INFO o.a.j.t.JMeterThread: Thread is done: Latency Experiment 1-9
2026-04-05 05:16:41,404 INFO o.a.j.t.JMeterThread: Thread finished: Latency Experiment 1-9
2026-04-05 05:16:41,468 INFO o.a.j.t.JMeterThread: Thread is done: Latency Experiment 1-1
2026-04-05 05:16:41,468 INFO o.a.j.t.JMeterThread: Thread finished: Latency Experiment 1-1
2026-04-05 05:16:42,155 INFO o.a.j.t.JMeterThread: Thread is done: Latency Experiment 1-6
2026-04-05 05:16:42,155 INFO o.a.j.t.JMeterThread: Thread finished: Latency Experiment 1-6
2026-04-05 05:16:43,282 INFO o.a.j.t.JMeterThread: Thread is done: Latency Experiment 1-12
2026-04-05 05:16:43,282 INFO o.a.j.t.JMeterThread: Thread finished: Latency Experiment 1-12
2026-04-05 05:16:43,939 INFO o.a.j.t.JMeterThread: Thread is done: Latency Experiment 1-10
2026-04-05 05:16:43,939 INFO o.a.j.t.JMeterThread: Thread finished: Latency Experiment 1-10
2026-04-05 05:16:44,508 INFO o.a.j.t.JMeterThread: Thread is done: Latency Experiment 1-13
2026-04-05 05:16:44,509 INFO o.a.j.t.JMeterThread: Thread finished: Latency Experiment 1-13
2026-04-05 05:16:45,855 INFO o.a.j.t.JMeterThread: Thread is done: Latency Experiment 1-17
2026-04-05 05:16:45,855 INFO o.a.j.t.JMeterThread: Thread finished: Latency Experiment 1-17
2026-04-05 05:16:46,631 INFO o.a.j.t.JMeterThread: Thread is done: Latency Experiment 1-16
2026-04-05 05:16:46,631 INFO o.a.j.t.JMeterThread: Thread finished: Latency Experiment 1-16
2026-04-05 05:16:47,524 INFO o.a.j.t.JMeterThread: Thread is done: Latency Experiment 1-15
2026-04-05 05:16:47,525 INFO o.a.j.t.JMeterThread: Thread finished: Latency Experiment 1-15
2026-04-05 05:16:51,048 INFO o.a.j.t.JMeterThread: Thread is done: Latency Experiment 1-14
2026-04-05 05:16:51,048 INFO o.a.j.t.JMeterThread: Thread finished: Latency Experiment 1-14
2026-04-05 05:16:51,926 INFO o.a.j.t.JMeterThread: Thread is done: Latency Experiment 1-18
2026-04-05 05:16:51,926 INFO o.a.j.t.JMeterThread: Thread finished: Latency Experiment 1-18
2026-04-05 05:16:52,391 INFO o.a.j.t.JMeterThread: Thread is done: Latency Experiment 1-11
2026-04-05 05:16:52,391 INFO o.a.j.t.JMeterThread: Thread finished: Latency Experiment 1-11
2026-04-05 05:16:55,077 INFO o.a.j.t.JMeterThread: Thread is done: Latency Experiment 1-20
2026-04-05 05:16:55,077 INFO o.a.j.t.JMeterThread: Thread finished: Latency Experiment 1-20
2026-04-05 05:16:55,078 INFO o.a.j.e.StandardJMeterEngine: Notifying test listeners of end of test
2026-04-05 05:16:55,078 INFO o.a.j.s.FileServer: Close: C:/Users/alejo/OneDrive - Universidad de los Andes/Escritorio/Universidad/2026-1/Arquitectura y Diseño de Software/Sprint 2/experimentos/bite-latency-experiment/jmeter/report_requests_small.csv
2026-04-05 05:16:55,078 INFO o.a.j.g.u.JMeterMenuBar: setRunning(false, *local*)
2026-04-05 05:17:39,592 INFO o.a.j.e.StandardJMeterEngine: Running the test!
2026-04-05 05:17:39,592 INFO o.a.j.s.SampleEvent: List of sample_variables: []
2026-04-05 05:17:39,592 INFO o.a.j.g.u.JMeterMenuBar: setRunning(true, *local*)
2026-04-05 05:17:39,615 INFO o.a.j.e.StandardJMeterEngine: Starting ThreadGroup: 1 : Latency Experiment
2026-04-05 05:17:39,615 INFO o.a.j.e.StandardJMeterEngine: Starting 20 threads for group Latency Experiment.
2026-04-05 05:17:39,615 INFO o.a.j.e.StandardJMeterEngine: Thread will continue on error
2026-04-05 05:17:39,615 INFO o.a.j.t.ThreadGroup: Starting thread group... number=1 threads=20 ramp-up=10 delayedStart=false
2026-04-05 05:17:39,616 INFO o.a.j.t.JMeterThread: Thread started: Latency Experiment 1-1
2026-04-05 05:17:39,617 INFO o.a.j.s.FileServer: Stored: C:/Users/alejo/OneDrive - Universidad de los Andes/Escritorio/Universidad/2026-1/Arquitectura y Diseño de Software/Sprint 2/experimentos/bite-latency-experiment/jmeter/report_requests_small.csv
2026-04-05 05:17:39,617 INFO o.a.j.t.ThreadGroup: Started thread group number 1
2026-04-05 05:17:39,617 INFO o.a.j.e.StandardJMeterEngine: All thread groups have been started
2026-04-05 05:17:40,117 INFO o.a.j.t.JMeterThread: Thread started: Latency Experiment 1-2
2026-04-05 05:17:40,616 INFO o.a.j.t.JMeterThread: Thread started: Latency Experiment 1-3
2026-04-05 05:17:41,115 INFO o.a.j.t.JMeterThread: Thread started: Latency Experiment 1-4
2026-04-05 05:17:41,616 INFO o.a.j.t.JMeterThread: Thread started: Latency Experiment 1-5
2026-04-05 05:17:42,115 INFO o.a.j.t.JMeterThread: Thread started: Latency Experiment 1-6
2026-04-05 05:17:42,618 INFO o.a.j.t.JMeterThread: Thread started: Latency Experiment 1-7
2026-04-05 05:17:43,116 INFO o.a.j.t.JMeterThread: Thread started: Latency Experiment 1-8
2026-04-05 05:17:43,616 INFO o.a.j.t.JMeterThread: Thread started: Latency Experiment 1-9
2026-04-05 05:17:44,117 INFO o.a.j.t.JMeterThread: Thread started: Latency Experiment 1-10
2026-04-05 05:17:44,616 INFO o.a.j.t.JMeterThread: Thread started: Latency Experiment 1-11
2026-04-05 05:17:45,116 INFO o.a.j.t.JMeterThread: Thread started: Latency Experiment 1-12
2026-04-05 05:17:45,616 INFO o.a.j.t.JMeterThread: Thread started: Latency Experiment 1-13
2026-04-05 05:17:46,115 INFO o.a.j.t.JMeterThread: Thread started: Latency Experiment 1-14
2026-04-05 05:17:46,615 INFO o.a.j.t.JMeterThread: Thread started: Latency Experiment 1-15
2026-04-05 05:17:47,116 INFO o.a.j.t.JMeterThread: Thread started: Latency Experiment 1-16
2026-04-05 05:17:47,616 INFO o.a.j.t.JMeterThread: Thread started: Latency Experiment 1-17
2026-04-05 05:17:48,116 INFO o.a.j.t.JMeterThread: Thread started: Latency Experiment 1-18
2026-04-05 05:17:48,616 INFO o.a.j.t.JMeterThread: Thread started: Latency Experiment 1-19
2026-04-05 05:17:49,116 INFO o.a.j.t.JMeterThread: Thread started: Latency Experiment 1-20
2026-04-05 05:17:53,609 INFO o.a.j.t.JMeterThread: Thread is done: Latency Experiment 1-3
2026-04-05 05:17:53,609 INFO o.a.j.t.JMeterThread: Thread finished: Latency Experiment 1-3
2026-04-05 05:17:56,672 INFO o.a.j.t.JMeterThread: Thread is done: Latency Experiment 1-6
2026-04-05 05:17:56,672 INFO o.a.j.t.JMeterThread: Thread finished: Latency Experiment 1-6
2026-04-05 05:17:57,631 INFO o.a.j.t.JMeterThread: Thread is done: Latency Experiment 1-4
2026-04-05 05:17:57,631 INFO o.a.j.t.JMeterThread: Thread finished: Latency Experiment 1-4
2026-04-05 05:17:58,119 INFO o.a.j.t.JMeterThread: Thread is done: Latency Experiment 1-12
2026-04-05 05:17:58,119 INFO o.a.j.t.JMeterThread: Thread finished: Latency Experiment 1-12
2026-04-05 05:18:01,674 INFO o.a.j.t.JMeterThread: Thread is done: Latency Experiment 1-9
2026-04-05 05:18:01,675 INFO o.a.j.t.JMeterThread: Thread finished: Latency Experiment 1-9
2026-04-05 05:18:02,125 INFO o.a.j.t.JMeterThread: Thread is done: Latency Experiment 1-20
2026-04-05 05:18:02,125 INFO o.a.j.t.JMeterThread: Thread finished: Latency Experiment 1-20
2026-04-05 05:18:02,163 INFO o.a.j.t.JMeterThread: Thread is done: Latency Experiment 1-2
2026-04-05 05:18:02,163 INFO o.a.j.t.JMeterThread: Thread finished: Latency Experiment 1-2
2026-04-05 05:18:02,346 INFO o.a.j.t.JMeterThread: Thread is done: Latency Experiment 1-1
2026-04-05 05:18:02,346 INFO o.a.j.t.JMeterThread: Thread finished: Latency Experiment 1-1
2026-04-05 05:18:03,341 INFO o.a.j.t.JMeterThread: Thread is done: Latency Experiment 1-5
2026-04-05 05:18:03,341 INFO o.a.j.t.JMeterThread: Thread finished: Latency Experiment 1-5
2026-04-05 05:18:04,377 INFO o.a.j.t.JMeterThread: Thread is done: Latency Experiment 1-10
2026-04-05 05:18:04,377 INFO o.a.j.t.JMeterThread: Thread finished: Latency Experiment 1-10
2026-04-05 05:18:05,196 INFO o.a.j.t.JMeterThread: Thread is done: Latency Experiment 1-7
2026-04-05 05:18:05,196 INFO o.a.j.t.JMeterThread: Thread finished: Latency Experiment 1-7
2026-04-05 05:18:05,495 INFO o.a.j.t.JMeterThread: Thread is done: Latency Experiment 1-14
2026-04-05 05:18:05,495 INFO o.a.j.t.JMeterThread: Thread finished: Latency Experiment 1-14
2026-04-05 05:18:06,221 INFO o.a.j.t.JMeterThread: Thread is done: Latency Experiment 1-17
2026-04-05 05:18:06,221 INFO o.a.j.t.JMeterThread: Thread finished: Latency Experiment 1-17
2026-04-05 05:18:06,434 INFO o.a.j.t.JMeterThread: Thread is done: Latency Experiment 1-16
2026-04-05 05:18:06,435 INFO o.a.j.t.JMeterThread: Thread finished: Latency Experiment 1-16
2026-04-05 05:18:06,729 INFO o.a.j.t.JMeterThread: Thread is done: Latency Experiment 1-18
2026-04-05 05:18:06,729 INFO o.a.j.t.JMeterThread: Thread finished: Latency Experiment 1-18
2026-04-05 05:18:08,675 INFO o.a.j.t.JMeterThread: Thread is done: Latency Experiment 1-19
2026-04-05 05:18:08,675 INFO o.a.j.t.JMeterThread: Thread finished: Latency Experiment 1-19
2026-04-05 05:18:09,290 INFO o.a.j.t.JMeterThread: Thread is done: Latency Experiment 1-11
2026-04-05 05:18:09,290 INFO o.a.j.t.JMeterThread: Thread finished: Latency Experiment 1-11
2026-04-05 05:18:09,889 INFO o.a.j.t.JMeterThread: Thread is done: Latency Experiment 1-13
2026-04-05 05:18:09,889 INFO o.a.j.t.JMeterThread: Thread finished: Latency Experiment 1-13
2026-04-05 05:18:09,927 INFO o.a.j.t.JMeterThread: Thread is done: Latency Experiment 1-15
2026-04-05 05:18:09,927 INFO o.a.j.t.JMeterThread: Thread finished: Latency Experiment 1-15
2026-04-05 05:18:10,552 INFO o.a.j.t.JMeterThread: Thread is done: Latency Experiment 1-8
2026-04-05 05:18:10,552 INFO o.a.j.t.JMeterThread: Thread finished: Latency Experiment 1-8
2026-04-05 05:18:10,553 INFO o.a.j.e.StandardJMeterEngine: Notifying test listeners of end of test
2026-04-05 05:18:10,553 INFO o.a.j.s.FileServer: Close: C:/Users/alejo/OneDrive - Universidad de los Andes/Escritorio/Universidad/2026-1/Arquitectura y Diseño de Software/Sprint 2/experimentos/bite-latency-experiment/jmeter/report_requests_small.csv
2026-04-05 05:18:10,553 INFO o.a.j.g.u.JMeterMenuBar: setRunning(false, *local*)
